// Jest Snapshot v1, https://goo.gl/fbAQLP

exports[`CardDetails should keep an up-to-date snapshot 1`] = `
<section
  className="CardDetails_section"
>
  <Link
    className="back-btn"
    to="/"
  >
    â—€ back
  </Link>
  <h4 />
  <p />
  <p>
    <Markup
      content=""
      emptyContent={null}
      parsedContent={null}
      tagName="div"
    />
  </p>
  <img />
</section>
`;
